cargo :     Finished `dev` profile [unoptimized + debuginfo] target(s) in 0.63s
At line:1 char:1
+ cargo build 2>&1 | Tee-Object -FilePath build_errors.txt; Get-Content ...
+ ~~~~~~~~~~~~~~~~
    + CategoryInfo          : NotSpecified: (    Finished `d...get(s) in 0.63s 
   :String) [], RemoteException
    + FullyQualifiedErrorId : NativeCommandError
 
